Microchip MPLAB XC8 Compiler V2.10 ()

Linker command line:

-W-3 --edf=C:\Program Files (x86)\Microchip\xc8\v2.10\pic\dat\en_msgs.txt \
  -cs -h+dist/default/production\I2C_Teat_PIC16F18346.X.production.sym \
  --cmf=dist/default/production\I2C_Teat_PIC16F18346.X.production.cmf -z \
  -Q16F18346 -oC:\Users\KOKUBO\AppData\Local\Temp\s9p8.2 \
  --defsym=__MPLAB_BUILD=1 \
  -Mdist/default/production/I2C_Teat_PIC16F18346.X.production.map -E1 \
  -ver=XC8 --acfsm=1493 -ASTACK=02032h-027EFh -pstack=STACK \
  -ACODE=00h-07FFhx8 -ASTRCODE=00h-03FFFh -ASTRING=00h-0FFhx64 \
  -ACONST=00h-0FFhx64 -AENTRY=00h-0FFhx64 -ACOMMON=070h-07Fh \
  -ABANK0=020h-06Fh -ABANK1=0A0h-0EFh -ABANK2=0120h-016Fh \
  -ABANK3=01A0h-01EFh -ABANK4=0220h-026Fh -ABANK5=02A0h-02EFh \
  -ABANK6=0320h-036Fh -ABANK7=03A0h-03EFh -ABANK8=0420h-046Fh \
  -ABANK9=04A0h-04EFh -ABANK10=0520h-056Fh -ABANK11=05A0h-05EFh \
  -ABANK12=0620h-066Fh -ABANK13=06A0h-06EFh -ABANK14=0720h-076Fh \
  -ABANK15=07A0h-07EFh -ABANK16=0820h-086Fh -ABANK17=08A0h-08EFh \
  -ABANK18=0920h-096Fh -ABANK19=09A0h-09EFh -ABANK20=0A20h-0A6Fh \
  -ABANK21=0AA0h-0AEFh -ABANK22=0B20h-0B6Fh -ABANK23=0BA0h-0BEFh \
  -ABANK24=0C20h-0C6Fh -ABANK25=0CA0h-0CBFh -ABIGRAM=02000h-027EFh \
  -ARAM=020h-06Fh,0A0h-0EFh,0120h-016Fh,01A0h-01EFh,0220h-026Fh,02A0h-02EFh,0320h-036Fh,03A0h-03EFh,0420h-046Fh,04A0h-04EFh,0520h-056Fh,05A0h-05EFh,0620h-066Fh,06A0h-06EFh,0720h-076Fh,07A0h-07EFh,0820h-086Fh,08A0h-08EFh,0920h-096Fh,09A0h-09EFh,0A20h-0A6Fh,0AA0h-0AEFh,0B20h-0B6Fh,0BA0h-0BEFh,0C20h-0C6Fh,0CA0h-0CBFh \
  -AABS1=020h-07Fh,0A0h-0EFh,0120h-016Fh,01A0h-01EFh,0220h-026Fh,02A0h-02EFh,0320h-036Fh,03A0h-03EFh,0420h-046Fh,04A0h-04EFh,0520h-056Fh,05A0h-05EFh,0620h-066Fh,06A0h-06EFh,0720h-076Fh,07A0h-07EFh,0820h-086Fh,08A0h-08EFh,0920h-096Fh,09A0h-09EFh,0A20h-0A6Fh,0AA0h-0AEFh,0B20h-0B6Fh,0BA0h-0BEFh,0C20h-0C6Fh,0CA0h-0CBFh \
  -ASFR0=00h-01Fh -ASFR1=080h-09Fh -ASFR2=0100h-011Fh -ASFR3=0180h-019Fh \
  -ASFR4=0200h-021Fh -ASFR5=0280h-029Fh -ASFR6=0300h-031Fh \
  -ASFR7=0380h-039Fh -ASFR8=0400h-041Fh -ASFR9=0480h-049Fh \
  -ASFR10=0500h-051Fh -ASFR11=0580h-059Fh -ASFR12=0600h-061Fh \
  -ASFR13=0680h-069Fh -ASFR14=0700h-071Fh -ASFR15=0780h-079Fh \
  -ASFR16=0800h-081Fh -ASFR17=0880h-089Fh -ASFR18=0900h-091Fh \
  -ASFR19=0980h-099Fh -ASFR20=0A00h-0A1Fh -ASFR21=0A80h-0A9Fh \
  -ASFR22=0B00h-0B1Fh -ASFR23=0B80h-0B9Fh -ASFR24=0C00h-0C1Fh \
  -ASFR25=0C80h-0C9Fh -ASFR26=0D00h-0D6Fh -ASFR27=0D80h-0DEFh \
  -ASFR28=0E00h-0E6Fh -ASFR29=0E80h-0EEFh -ASFR30=0F00h-0F6Fh \
  -ASFR31=0F80h-0FEFh -preset_vec=00h,intentry=04h,init,end_init \
  -ppowerup=CODE -pcinit=CODE -pfunctab=ENTRY -ACONFIG=08007h-0800Ah \
  -pconfig=CONFIG -DCONFIG=2 -AIDLOC=08000h-08003h -pidloc=IDLOC -DIDLOC=2 \
  -AEEDATA=00h-0FFh/0F000h -peeprom_data=EEDATA -DEEDATA=2 -DCODE=2 \
  -DSTRCODE=2 -DSTRING=2 -DCONST=2 -DENTRY=2 -k \
  C:\Users\KOKUBO\AppData\Local\Temp\s9p8.o \
  dist/default/production\I2C_Teat_PIC16F18346.X.production.o 

Object code version is 3.11

Machine type is 16F18346



                Name                               Link     Load   Length Selector   Space Scale
C:\Users\KOKUBO\AppData\Local\Temp\s9p8.o
                end_init                             27       27        2        8       0
                reset_vec                             0        0        2        0       0
                config                             8007     8007        4    1000E       0
dist/default/production\I2C_Teat_PIC16F18346.X.production.o
                cinit                                29       29        C        8       0
                intentry                              4        4       23        8       0
                text60                              423      423        3      518       0
                text59                              420      420        3      518       0
                text58                              246      246       26        8       0
                text57                              36C      36C        D      518       0
                text56                              340      340       10      518       0
                text55                              30F      30F       11      518       0
                text54                              2FE      2FE       11      518       0
                text53                              2ED      2ED       11      518       0
                text52                              2DC      2DC       11      518       0
                text51                              2C4      2C4       18      518       0
                text50                              428      428        2      518       0
                text49                              426      426        2      518       0
                text48                              41D      41D        3      518       0
                text47                              401      401        4      518       0
                text46                              41A      41A        3      518       0
                text45                              3FD      3FD        4      518       0
                text44                              3F0      3F0        5      518       0
                text43                              3B8      3B8        6      518       0
                text42                              417      417        3      518       0
                text41                              149      149       2F        8       0
                text40                              3EB      3EB        5      518       0
                text39                              38C      38C        9      518       0
                text38                              39D      39D        8      518       0
                text37                               35       35       55        8       0
                text36                               8A       8A       46        8       0
                text35                              3A5      3A5        7      518       0
                text34                              3E6      3E6        5      518       0
                text33                              3E1      3E1        5      518       0
                text32                              3DC      3DC        5      518       0
                text31                              3D7      3D7        5      518       0
                text30                              3D2      3D2        5      518       0
                text29                              3CD      3CD        5      518       0
                text28                              3C8      3C8        5      518       0
                text27                              3C3      3C3        5      518       0
                text26                              178      178       2C        8       0
                text25                              414      414        3      518       0
                text24                              1A4      1A4       2B        8       0
                text23                              3F9      3F9        4      518       0
                text21                              411      411        3      518       0
                text20                              40E      40E        3      518       0
                text19                              40B      40B        3      518       0
                text18                              2A8      2A8       1C      518       0
                text17                              408      408        3      518       0
                text16                              28C      28C       1C      518       0
                text15                              3BE      3BE        5      518       0
                text14                              405      405        3      518       0
                text13                              35E      35E        E      518       0
                text12                              3B2      3B2        6      518       0
                text11                               D0       D0       45        8       0
                text10                              21F      21F       27        8       0
                text9                               350      350        E      518       0
                text8                               330      330       10      518       0
                text7                               1CF      1CF       29        8       0
                text6                               379      379        A      518       0
                text5                               383      383        9      518       0
                text4                               115      115       34        8       0
                text3                               395      395        8      518       0
                text2                               3F5      3F5        4      518       0
                text1                               320      320       10      518       0
                maintext                            1F8      1F8       27        8       0
                cstackBANK0                          40       40       12       20       1
                cstackCOMMON                         70       70        D       70       1
                clrtext                             3AC      3AC        6      518       0
                bssBANK0                             20       20       20       20       1
                stringtext1                         26C      26C       20      4D8       0

TOTAL           Name                               Link     Load   Length     Space
        CLASS   STACK          

        CLASS   CODE           
                end_init                             27       27        2         0
                cinit                                29       29        C         0
                intentry                              4        4       23         0
                reset_vec                             0        0        2         0
                text60                              423      423        3         0
                text59                              420      420        3         0
                text58                              246      246       26         0
                text57                              36C      36C        D         0
                text56                              340      340       10         0
                text55                              30F      30F       11         0
                text54                              2FE      2FE       11         0
                text53                              2ED      2ED       11         0
                text52                              2DC      2DC       11         0
                text51                              2C4      2C4       18         0
                text50                              428      428        2         0
                text49                              426      426        2         0
                text48                              41D      41D        3         0
                text47                              401      401        4         0
                text46                              41A      41A        3         0
                text45                              3FD      3FD        4         0
                text44                              3F0      3F0        5         0
                text43                              3B8      3B8        6         0
                text42                              417      417        3         0
                text41                              149      149       2F         0
                text40                              3EB      3EB        5         0
                text39                              38C      38C        9         0
                text38                              39D      39D        8         0
                text37                               35       35       55         0
                text36                               8A       8A       46         0
                text35                              3A5      3A5        7         0
                text34                              3E6      3E6        5         0
                text33                              3E1      3E1        5         0
                text32                              3DC      3DC        5         0
                text31                              3D7      3D7        5         0
                text30                              3D2      3D2        5         0
                text29                              3CD      3CD        5         0
                text28                              3C8      3C8        5         0
                text27                              3C3      3C3        5         0
                text26                              178      178       2C         0
                text25                              414      414        3         0
                text24                              1A4      1A4       2B         0
                text23                              3F9      3F9        4         0
                text21                              411      411        3         0
                text20                              40E      40E        3         0
                text19                              40B      40B        3         0
                text18                              2A8      2A8       1C         0
                text17                              408      408        3         0
                text16                              28C      28C       1C         0
                text15                              3BE      3BE        5         0
                text14                              405      405        3         0
                text13                              35E      35E        E         0
                text12                              3B2      3B2        6         0
                text11                               D0       D0       45         0
                text10                              21F      21F       27         0
                text9                               350      350        E         0
                text8                               330      330       10         0
                text7                               1CF      1CF       29         0
                text6                               379      379        A         0
                text5                               383      383        9         0
                text4                               115      115       34         0
                text3                               395      395        8         0
                text2                               3F5      3F5        4         0
                text1                               320      320       10         0
                maintext                            1F8      1F8       27         0
                clrtext                             3AC      3AC        6         0

        CLASS   STRCODE        
                stringtext1                         26C      26C       20         0

        CLASS   STRING         

        CLASS   CONST          

        CLASS   ENTRY          

        CLASS   COMMON         
                cstackCOMMON                         70       70        D         1

        CLASS   BANK0          
                cstackBANK0                          40       40       12         1
                bssBANK0                             20       20       20         1

        CLASS   BANK1          

        CLASS   BANK2          

        CLASS   BANK3          

        CLASS   BANK4          

        CLASS   BANK5          

        CLASS   BANK6          

        CLASS   BANK7          

        CLASS   BANK8          

        CLASS   BANK9          

        CLASS   BANK10         

        CLASS   BANK11         

        CLASS   BANK12         

        CLASS   BANK13         

        CLASS   BANK14         

        CLASS   BANK15         

        CLASS   BANK16         

        CLASS   BANK17         

        CLASS   BANK18         

        CLASS   BANK19         

        CLASS   BANK20         

        CLASS   BANK21         

        CLASS   BANK22         

        CLASS   BANK23         

        CLASS   BANK24         

        CLASS   BANK25         

        CLASS   BIGRAM         

        CLASS   RAM            

        CLASS   ABS1           
                abs_s1                               7E       7E        2         1

        CLASS   SFR0           

        CLASS   SFR1           

        CLASS   SFR2           

        CLASS   SFR3           

        CLASS   SFR4           

        CLASS   SFR5           

        CLASS   SFR6           

        CLASS   SFR7           

        CLASS   SFR8           

        CLASS   SFR9           

        CLASS   SFR10          

        CLASS   SFR11          

        CLASS   SFR12          

        CLASS   SFR13          

        CLASS   SFR14          

        CLASS   SFR15          

        CLASS   SFR16          

        CLASS   SFR17          

        CLASS   SFR18          

        CLASS   SFR19          

        CLASS   SFR20          

        CLASS   SFR21          

        CLASS   SFR22          

        CLASS   SFR23          

        CLASS   SFR24          

        CLASS   SFR25          

        CLASS   SFR26          

        CLASS   SFR27          

        CLASS   SFR28          

        CLASS   SFR29          

        CLASS   SFR30          

        CLASS   SFR31          

        CLASS   CONFIG         
                config                             8007     8007        4         0

        CLASS   IDLOC          

        CLASS   EEDATA         

        CLASS   BANK31         

        CLASS   BANK30         

        CLASS   BANK29         

        CLASS   BANK28         

        CLASS   BANK27         

        CLASS   BANK26         



SEGMENTS        Name                           Load    Length   Top    Selector   Space  Class     Delta

                reset_vec                      000000  000002  000002         0       0  CODE        2
                intentry                       000004  000268  00026C         8       0  CODE        2
                bssBANK0                       000020  000032  000052        20       1  BANK0       1
                cstackCOMMON                   000070  00000D  00007D        70       1  COMMON      1
                stringtext1                    00026C  000020  00028C       4D8       0  STRCODE     2
                text16                         00028C  00019E  00042A       518       0  CODE        2
                config                         008007  000004  00800B     1000E       0  CONFIG      2


UNUSED ADDRESS RANGES

        Name                Unused          Largest block    Delta
        BANK0            00052-0006F              1E           1
        BANK1            000A0-000EF              50           1
        BANK10           00520-0056F              50           1
        BANK11           005A0-005EF              50           1
        BANK12           00620-0066F              50           1
        BANK13           006A0-006EF              50           1
        BANK14           00720-0076F              50           1
        BANK15           007A0-007EF              50           1
        BANK16           00820-0086F              50           1
        BANK17           008A0-008EF              50           1
        BANK18           00920-0096F              50           1
        BANK19           009A0-009EF              50           1
        BANK2            00120-0016F              50           1
        BANK20           00A20-00A6F              50           1
        BANK21           00AA0-00AEF              50           1
        BANK22           00B20-00B6F              50           1
        BANK23           00BA0-00BEF              50           1
        BANK24           00C20-00C6F              50           1
        BANK25           00CA0-00CBF              20           1
        BANK3            001A0-001EF              50           1
        BANK4            00220-0026F              50           1
        BANK5            002A0-002EF              50           1
        BANK6            00320-0036F              50           1
        BANK7            003A0-003EF              50           1
        BANK8            00420-0046F              50           1
        BANK9            004A0-004EF              50           1
        BIGRAM           02000-027EF             7F0           1
        CODE             00002-00003               2           2
                         0042A-03FFF             800
        COMMON           0007D-0007D               1           1
        CONST            00002-00003               2           2
                         0042A-03FFF             100
        EEDATA           0F000-0F0FF             100           2
        ENTRY            00002-00003               2           2
                         0042A-03FFF             100
        IDLOC            08000-08003               4           2
        RAM              00052-0006F              1E           1
                         000A0-000EF              50
                         00120-0016F              50
                         001A0-001EF              50
                         00220-0026F              50
                         002A0-002EF              50
                         00320-0036F              50
                         003A0-003EF              50
                         00420-0046F              50
                         004A0-004EF              50
                         00520-0056F              50
                         005A0-005EF              50
                         00620-0066F              50
                         006A0-006EF              50
                         00720-0076F              50
                         007A0-007EF              50
                         00820-0086F              50
                         008A0-008EF              50
                         00920-0096F              50
                         009A0-009EF              50
                         00A20-00A6F              50
                         00AA0-00AEF              50
                         00B20-00B6F              50
                         00BA0-00BEF              50
                         00C20-00C6F              50
                         00CA0-00CBF              20
        SFR0             00000-0001F              20           1
        SFR1             00080-0009F              20           1
        SFR10            00500-0051F              20           1
        SFR11            00580-0059F              20           1
        SFR12            00600-0061F              20           1
        SFR13            00680-0069F              20           1
        SFR14            00700-0071F              20           1
        SFR15            00780-0079F              20           1
        SFR16            00800-0081F              20           1
        SFR17            00880-0089F              20           1
        SFR18            00900-0091F              20           1
        SFR19            00980-0099F              20           1
        SFR2             00100-0011F              20           1
        SFR20            00A00-00A1F              20           1
        SFR21            00A80-00A9F              20           1
        SFR22            00B00-00B1F              20           1
        SFR23            00B80-00B9F              20           1
        SFR24            00C00-00C1F              20           1
        SFR25            00C80-00C9F              20           1
        SFR26            00D00-00D6F              70           1
        SFR27            00D80-00DEF              70           1
        SFR28            00E00-00E6F              70           1
        SFR29            00E80-00EEF              70           1
        SFR3             00180-0019F              20           1
        SFR30            00F00-00F6F              70           1
        SFR31            00F80-00FEF              70           1
        SFR4             00200-0021F              20           1
        SFR5             00280-0029F              20           1
        SFR6             00300-0031F              20           1
        SFR7             00380-0039F              20           1
        SFR8             00400-0041F              20           1
        SFR9             00480-0049F              20           1
        STACK            02032-027EF             7BE           1
        STRCODE          00002-00003               2           2
                         0042A-03FFF            3BD6
        STRING           00002-00003               2           2
                         0042A-03FFF             100

                                  Symbol Table

I2C1_CallbackReturnReset@funPtr           cstackCOMMON 00079
I2C1_Close@returnValue                    cstackBANK0  00044
I2C1_MasterOperation@read                 cstackBANK0  00044
I2C1_MasterOperation@returnValue          cstackBANK0  00045
I2C1_MasterSendTxData@data                cstackCOMMON 00070
I2C1_Open@address                         cstackBANK0  00046
I2C1_Open@returnValue                     cstackBANK0  00047
I2C1_SetAddressNackCallback@cb            cstackBANK0  00048
I2C1_SetAddressNackCallback@ptr           cstackBANK0  0004A
I2C1_SetBuffer@buffer                     cstackBANK0  00046
I2C1_SetBuffer@bufferSize                 cstackBANK0  00043
I2C1_SetCallback@cb                       cstackBANK0  00043
I2C1_SetCallback@idx                      cstackBANK0  00047
I2C1_SetCallback@ptr                      cstackBANK0  00045
I2C1_SetDataCompleteCallback@cb           cstackCOMMON 00075
I2C1_SetDataCompleteCallback@ptr          cstackCOMMON 00077
I2C1_SetInterruptHandler@InterruptHandler cstackBANK0  00043
I2C1_WriteNBytes@address                  cstackBANK0  0004F
I2C1_WriteNBytes@data                     cstackBANK0  0004C
I2C1_WriteNBytes@len                      cstackBANK0  0004D
_ANSELA                                   (abs)        0018C
_ANSELB                                   (abs)        0018D
_ANSELC                                   (abs)        0018E
_I2C1_CallbackReturnReset                 text49       00426
_I2C1_CallbackReturnStop                  text50       00428
_I2C1_Close                               text18       002A8
_I2C1_DO_ADDRESS_NACK                     text26       00178
_I2C1_DO_IDLE                             text40       003EB
_I2C1_DO_RCEN                             text35       003A5
_I2C1_DO_RESET                            text27       003C3
_I2C1_DO_RX                               text36       0008A
_I2C1_DO_RX_ACK                           text30       003D2
_I2C1_DO_RX_NACK_RESTART                  text28       003C8
_I2C1_DO_RX_NACK_STOP                     text29       003CD
_I2C1_DO_SEND_ADR_READ                    text39       0038C
_I2C1_DO_SEND_ADR_WRITE                   text38       0039D
_I2C1_DO_SEND_RESTART                     text32       003DC
_I2C1_DO_SEND_RESTART_READ                text34       003E6
_I2C1_DO_SEND_RESTART_WRITE               text33       003E1
_I2C1_DO_SEND_STOP                        text31       003D7
_I2C1_DO_TX                               text37       00035
_I2C1_DO_TX_EMPTY                         text41       00149
_I2C1_Initialize                          text6        00379
_I2C1_MasterClearIrq                      text21       00411
_I2C1_MasterClose                         text20       0040E
_I2C1_MasterDisableIrq                    text19       0040B
_I2C1_MasterEnableIrq                     text14       00405
_I2C1_MasterEnableRestart                 text60       00423
_I2C1_MasterFsm                           text24       001A4
_I2C1_MasterGetRxData                     text46       0041A
_I2C1_MasterIsNack                        text43       003B8
_I2C1_MasterIsr                           text23       003F9
_I2C1_MasterOpen                          text13       0035E
_I2C1_MasterOperation                     text16       0028C
_I2C1_MasterSendAck                       text45       003FD
_I2C1_MasterSendNack                      text47       00401
_I2C1_MasterSendTxData                    text44       003F0
_I2C1_MasterSetIrq                        text42       00417
_I2C1_MasterStart                         text17       00408
_I2C1_MasterStartRx                       text48       0041D
_I2C1_MasterStop                          text59       00420
_I2C1_MasterWrite                         text15       003BE
_I2C1_Open                                text11       000D0
_I2C1_SetAddressNackCallback              text9        00350
_I2C1_SetBuffer                           text8        00330
_I2C1_SetCallback                         text10       0021F
_I2C1_SetDataCompleteCallback             text57       0036C
_I2C1_SetInterruptHandler                 text12       003B2
_I2C1_Status                              bssBANK0     00020
_I2C1_WriteNBytes                         text7        001CF
_I2C_TxBuffer                             bssBANK0     0003F
_INLVLA                                   (abs)        0038C
_INLVLB                                   (abs)        0038D
_INLVLC                                   (abs)        0038E
_INTCONbits                               (abs)        0000B
_INTERRUPT_InterruptManager               intentry     00004
_LATA                                     (abs)        0010C
_LATB                                     (abs)        0010D
_LATC                                     (abs)        0010E
_MSSP1_InterruptHandler                   bssBANK0     0003D
_ODCONA                                   (abs)        0028C
_ODCONB                                   (abs)        0028D
_ODCONC                                   (abs)        0028E
_OSCCON1                                  (abs)        00919
_OSCCON3                                  (abs)        0091B
_OSCEN                                    (abs)        0091D
_OSCFRQ                                   (abs)        0091F
_OSCILLATOR_Initialize                    text5        00383
_OSCTUNE                                  (abs)        0091E
_PIE1bits                                 (abs)        00091
_PIN_MANAGER_Initialize                   text4        00115
_PIR1bits                                 (abs)        00011
_PMD0                                     (abs)        00911
_PMD1                                     (abs)        00912
_PMD2                                     (abs)        00913
_PMD3                                     (abs)        00914
_PMD4                                     (abs)        00915
_PMD5                                     (abs)        00916
_PMD_Initialize                           text3        00395
_RA4PPS                                   (abs)        00E94
_RA5PPS                                   (abs)        00E95
_SLRCONA                                  (abs)        0030C
_SLRCONB                                  (abs)        0030D
_SLRCONC                                  (abs)        0030E
_SSP1ADD                                  (abs)        00212
_SSP1BUF                                  (abs)        00211
_SSP1CLKPPS                               (abs)        00E20
_SSP1CON1                                 (abs)        00215
_SSP1CON1bits                             (abs)        00215
_SSP1CON2                                 (abs)        00216
_SSP1CON2bits                             (abs)        00216
_SSP1DATPPS                               (abs)        00E21
_SSP1STAT                                 (abs)        00214
_SSP1STATbits                             (abs)        00214
_SYSTEM_Initialize                        text1        00320
_TRISA                                    (abs)        0008C
_TRISB                                    (abs)        0008D
_TRISC                                    (abs)        0008E
_WDTCON                                   (abs)        00097
_WDT_Initialize                           text2        003F5
_WPUA                                     (abs)        0020C
_WPUB                                     (abs)        0020D
_WPUC                                     (abs)        0020E
__CFG_BOREN$ON                            (abs)        00000
__CFG_BORV$LOW                            (abs)        00000
__CFG_CLKOUTEN$OFF                        (abs)        00000
__CFG_CP$OFF                              (abs)        00000
__CFG_CPD$OFF                             (abs)        00000
__CFG_CSWEN$ON                            (abs)        00000
__CFG_DEBUG$OFF                           (abs)        00000
__CFG_FCMEN$ON                            (abs)        00000
__CFG_FEXTOSC$OFF                         (abs)        00000
__CFG_LPBOREN$OFF                         (abs)        00000
__CFG_LVP$ON                              (abs)        00000
__CFG_MCLRE$ON                            (abs)        00000
__CFG_PPS1WAY$ON                          (abs)        00000
__CFG_PWRTE$OFF                           (abs)        00000
__CFG_RSTOSC$HFINT32                      (abs)        00000
__CFG_STVREN$ON                           (abs)        00000
__CFG_WDTE$OFF                            (abs)        00000
__CFG_WRT$OFF                             (abs)        00000
__Habs1                                   abs1         00000
__Hbank0                                  bank0        00000
__Hbank1                                  bank1        00000
__Hbank10                                 bank10       00000
__Hbank11                                 bank11       00000
__Hbank12                                 bank12       00000
__Hbank13                                 bank13       00000
__Hbank14                                 bank14       00000
__Hbank15                                 bank15       00000
__Hbank16                                 bank16       00000
__Hbank17                                 bank17       00000
__Hbank18                                 bank18       00000
__Hbank19                                 bank19       00000
__Hbank2                                  bank2        00000
__Hbank20                                 bank20       00000
__Hbank21                                 bank21       00000
__Hbank22                                 bank22       00000
__Hbank23                                 bank23       00000
__Hbank24                                 bank24       00000
__Hbank25                                 bank25       00000
__Hbank26                                 bank26       00000
__Hbank27                                 bank27       00000
__Hbank28                                 bank28       00000
__Hbank29                                 bank29       00000
__Hbank3                                  bank3        00000
__Hbank30                                 bank30       00000
__Hbank31                                 bank31       00000
__Hbank4                                  bank4        00000
__Hbank5                                  bank5        00000
__Hbank6                                  bank6        00000
__Hbank7                                  bank7        00000
__Hbank8                                  bank8        00000
__Hbank9                                  bank9        00000
__Hbigram                                 bigram       00000
__HbssBANK0                               bssBANK0     00000
__Hcinit                                  cinit        00035
__Hclrtext                                clrtext      00000
__Hcode                                   code         00000
__Hcommon                                 common       00000
__Hconfig                                 config       0800B
__HcstackBANK0                            cstackBANK0  00000
__HcstackCOMMON                           cstackCOMMON 00000
__Heeprom_data                            eeprom_data  00000
__Hend_init                               end_init     00029
__Hfunctab                                functab      00000
__Hidloc                                  idloc        00000
__Hinit                                   init         00027
__Hintentry                               intentry     00027
__Hmaintext                               maintext     00000
__Hpowerup                                powerup      00000
__Hram                                    ram          00000
__Hreset_vec                              reset_vec    00002
__Hsfr0                                   sfr0         00000
__Hsfr1                                   sfr1         00000
__Hsfr10                                  sfr10        00000
__Hsfr11                                  sfr11        00000
__Hsfr12                                  sfr12        00000
__Hsfr13                                  sfr13        00000
__Hsfr14                                  sfr14        00000
__Hsfr15                                  sfr15        00000
__Hsfr16                                  sfr16        00000
__Hsfr17                                  sfr17        00000
__Hsfr18                                  sfr18        00000
__Hsfr19                                  sfr19        00000
__Hsfr2                                   sfr2         00000
__Hsfr20                                  sfr20        00000
__Hsfr21                                  sfr21        00000
__Hsfr22                                  sfr22        00000
__Hsfr23                                  sfr23        00000
__Hsfr24                                  sfr24        00000
__Hsfr25                                  sfr25        00000
__Hsfr26                                  sfr26        00000
__Hsfr27                                  sfr27        00000
__Hsfr28                                  sfr28        00000
__Hsfr29                                  sfr29        00000
__Hsfr3                                   sfr3         00000
__Hsfr30                                  sfr30        00000
__Hsfr31                                  sfr31        00000
__Hsfr4                                   sfr4         00000
__Hsfr5                                   sfr5         00000
__Hsfr6                                   sfr6         00000
__Hsfr7                                   sfr7         00000
__Hsfr8                                   sfr8         00000
__Hsfr9                                   sfr9         00000
__Hspace_0                                (abs)        0800B
__Hspace_1                                (abs)        0007D
__Hspace_2                                (abs)        00000
__Hspace_3                                (abs)        00000
__Hstack                                  stack        00000
__Hstrings                                strings      00000
__Hstringtext1                            stringtext1  00000
__Htext                                   text         00000
__Labs1                                   abs1         00000
__Lbank0                                  bank0        00000
__Lbank1                                  bank1        00000
__Lbank10                                 bank10       00000
__Lbank11                                 bank11       00000
__Lbank12                                 bank12       00000
__Lbank13                                 bank13       00000
__Lbank14                                 bank14       00000
__Lbank15                                 bank15       00000
__Lbank16                                 bank16       00000
__Lbank17                                 bank17       00000
__Lbank18                                 bank18       00000
__Lbank19                                 bank19       00000
__Lbank2                                  bank2        00000
__Lbank20                                 bank20       00000
__Lbank21                                 bank21       00000
__Lbank22                                 bank22       00000
__Lbank23                                 bank23       00000
__Lbank24                                 bank24       00000
__Lbank25                                 bank25       00000
__Lbank26                                 bank26       00000
__Lbank27                                 bank27       00000
__Lbank28                                 bank28       00000
__Lbank29                                 bank29       00000
__Lbank3                                  bank3        00000
__Lbank30                                 bank30       00000
__Lbank31                                 bank31       00000
__Lbank4                                  bank4        00000
__Lbank5                                  bank5        00000
__Lbank6                                  bank6        00000
__Lbank7                                  bank7        00000
__Lbank8                                  bank8        00000
__Lbank9                                  bank9        00000
__Lbigram                                 bigram       00000
__LbssBANK0                               bssBANK0     00000
__Lcinit                                  cinit        00029
__Lclrtext                                clrtext      00000
__Lcode                                   code         00000
__Lcommon                                 common       00000
__Lconfig                                 config       08007
__LcstackBANK0                            cstackBANK0  00000
__LcstackCOMMON                           cstackCOMMON 00000
__Leeprom_data                            eeprom_data  00000
__Lend_init                               end_init     00027
__Lfunctab                                functab      00000
__Lidloc                                  idloc        00000
__Linit                                   init         00027
__Lintentry                               intentry     00004
__Lmaintext                               maintext     00000
__Lpowerup                                powerup      00000
__Lram                                    ram          00000
__Lreset_vec                              reset_vec    00000
__Lsfr0                                   sfr0         00000
__Lsfr1                                   sfr1         00000
__Lsfr10                                  sfr10        00000
__Lsfr11                                  sfr11        00000
__Lsfr12                                  sfr12        00000
__Lsfr13                                  sfr13        00000
__Lsfr14                                  sfr14        00000
__Lsfr15                                  sfr15        00000
__Lsfr16                                  sfr16        00000
__Lsfr17                                  sfr17        00000
__Lsfr18                                  sfr18        00000
__Lsfr19                                  sfr19        00000
__Lsfr2                                   sfr2         00000
__Lsfr20                                  sfr20        00000
__Lsfr21                                  sfr21        00000
__Lsfr22                                  sfr22        00000
__Lsfr23                                  sfr23        00000
__Lsfr24                                  sfr24        00000
__Lsfr25                                  sfr25        00000
__Lsfr26                                  sfr26        00000
__Lsfr27                                  sfr27        00000
__Lsfr28                                  sfr28        00000
__Lsfr29                                  sfr29        00000
__Lsfr3                                   sfr3         00000
__Lsfr30                                  sfr30        00000
__Lsfr31                                  sfr31        00000
__Lsfr4                                   sfr4         00000
__Lsfr5                                   sfr5         00000
__Lsfr6                                   sfr6         00000
__Lsfr7                                   sfr7         00000
__Lsfr8                                   sfr8         00000
__Lsfr9                                   sfr9         00000
__Lspace_0                                (abs)        00000
__Lspace_1                                (abs)        00000
__Lspace_2                                (abs)        00000
__Lspace_3                                (abs)        00000
__Lstack                                  stack        00000
__Lstrings                                strings      00000
__Lstringtext1                            stringtext1  00000
__Ltext                                   text         00000
__S0                                      (abs)        0800B
__S1                                      (abs)        0007D
__S2                                      (abs)        00000
__S3                                      (abs)        00000
___int_sp                                 stack        00000
___latbits                                (abs)        00003
___sp                                     stack        00000
___stackhi                                (abs)        027EF
___stacklo                                (abs)        02032
__end_of_I2C1_CallbackReturnReset         text49       00428
__end_of_I2C1_CallbackReturnStop          text50       0042A
__end_of_I2C1_Close                       text18       002C4
__end_of_I2C1_DO_ADDRESS_NACK             text26       001A4
__end_of_I2C1_DO_IDLE                     text40       003F0
__end_of_I2C1_DO_RCEN                     text35       003AC
__end_of_I2C1_DO_RESET                    text27       003C8
__end_of_I2C1_DO_RX                       text36       000D0
__end_of_I2C1_DO_RX_ACK                   text30       003D7
__end_of_I2C1_DO_RX_NACK_RESTART          text28       003CD
__end_of_I2C1_DO_RX_NACK_STOP             text29       003D2
__end_of_I2C1_DO_SEND_ADR_READ            text39       00395
__end_of_I2C1_DO_SEND_ADR_WRITE           text38       003A5
__end_of_I2C1_DO_SEND_RESTART             text32       003E1
__end_of_I2C1_DO_SEND_RESTART_READ        text34       003EB
__end_of_I2C1_DO_SEND_RESTART_WRITE       text33       003E6
__end_of_I2C1_DO_SEND_STOP                text31       003DC
__end_of_I2C1_DO_TX                       text37       0008A
__end_of_I2C1_DO_TX_EMPTY                 text41       00178
__end_of_I2C1_Initialize                  text6        00383
__end_of_I2C1_MasterClearIrq              text21       00414
__end_of_I2C1_MasterClose                 text20       00411
__end_of_I2C1_MasterDisableIrq            text19       0040E
__end_of_I2C1_MasterEnableIrq             text14       00408
__end_of_I2C1_MasterEnableRestart         text60       00426
__end_of_I2C1_MasterFsm                   text24       001CF
__end_of_I2C1_MasterGetRxData             text46       0041D
__end_of_I2C1_MasterIsNack                text43       003BE
__end_of_I2C1_MasterIsr                   text23       003FD
__end_of_I2C1_MasterOpen                  text13       0036C
__end_of_I2C1_MasterOperation             text16       002A8
__end_of_I2C1_MasterSendAck               text45       00401
__end_of_I2C1_MasterSendNack              text47       00405
__end_of_I2C1_MasterSendTxData            text44       003F5
__end_of_I2C1_MasterSetIrq                text42       0041A
__end_of_I2C1_MasterStart                 text17       0040B
__end_of_I2C1_MasterStartRx               text48       00420
__end_of_I2C1_MasterStop                  text59       00423
__end_of_I2C1_MasterWrite                 text15       003C3
__end_of_I2C1_Open                        text11       00115
__end_of_I2C1_SetAddressNackCallback      text9        0035E
__end_of_I2C1_SetBuffer                   text8        00340
__end_of_I2C1_SetCallback                 text10       00246
__end_of_I2C1_SetDataCompleteCallback     text57       00379
__end_of_I2C1_SetInterruptHandler         text12       003B8
__end_of_I2C1_WriteNBytes                 text7        001F8
__end_of_INTERRUPT_InterruptManager       intentry     00027
__end_of_OSCILLATOR_Initialize            text5        0038C
__end_of_PIN_MANAGER_Initialize           text4        00149
__end_of_PMD_Initialize                   text3        0039D
__end_of_SYSTEM_Initialize                text1        00330
__end_of_WDT_Initialize                   text2        003F9
__end_of__initialization                  cinit        00031
__end_of_fsmStateTable                    stringtext1  0028C
__end_of_main                             maintext     0021F
__end_of_rd1RegCompleteHandler            text54       0030F
__end_of_rd2RegCompleteHandler            text53       002FE
__end_of_rdBlkRegCompleteHandler          text51       002DC
__end_of_wr1RegCompleteHandler            text52       002ED
__end_of_wr2RegCompleteHandler            text55       00320
__end_ofi1_I2C1_MasterClearIrq            text25       00417
__end_ofi1_I2C1_SetBuffer                 text56       00350
__end_ofi1_I2C1_SetCallback               text58       0026C
__initialization                          cinit        00029
__pbssBANK0                               bssBANK0     00020
__pcstackBANK0                            cstackBANK0  00040
__pcstackCOMMON                           cstackCOMMON 00070
__pintentry                               intentry     00004
__pmaintext                               maintext     001F8
__pstringtext1                            stringtext1  0026C
__ptext1                                  text1        00320
__ptext10                                 text10       0021F
__ptext11                                 text11       000D0
__ptext12                                 text12       003B2
__ptext13                                 text13       0035E
__ptext14                                 text14       00405
__ptext15                                 text15       003BE
__ptext16                                 text16       0028C
__ptext17                                 text17       00408
__ptext18                                 text18       002A8
__ptext19                                 text19       0040B
__ptext2                                  text2        003F5
__ptext20                                 text20       0040E
__ptext21                                 text21       00411
__ptext23                                 text23       003F9
__ptext24                                 text24       001A4
__ptext25                                 text25       00414
__ptext26                                 text26       00178
__ptext27                                 text27       003C3
__ptext28                                 text28       003C8
__ptext29                                 text29       003CD
__ptext3                                  text3        00395
__ptext30                                 text30       003D2
__ptext31                                 text31       003D7
__ptext32                                 text32       003DC
__ptext33                                 text33       003E1
__ptext34                                 text34       003E6
__ptext35                                 text35       003A5
__ptext36                                 text36       0008A
__ptext37                                 text37       00035
__ptext38                                 text38       0039D
__ptext39                                 text39       0038C
__ptext4                                  text4        00115
__ptext40                                 text40       003EB
__ptext41                                 text41       00149
__ptext42                                 text42       00417
__ptext43                                 text43       003B8
__ptext44                                 text44       003F0
__ptext45                                 text45       003FD
__ptext46                                 text46       0041A
__ptext47                                 text47       00401
__ptext48                                 text48       0041D
__ptext49                                 text49       00426
__ptext5                                  text5        00383
__ptext50                                 text50       00428
__ptext51                                 text51       002C4
__ptext52                                 text52       002DC
__ptext53                                 text53       002ED
__ptext54                                 text54       002FE
__ptext55                                 text55       0030F
__ptext56                                 text56       00340
__ptext57                                 text57       0036C
__ptext58                                 text58       00246
__ptext59                                 text59       00420
__ptext6                                  text6        00379
__ptext60                                 text60       00423
__ptext7                                  text7        001CF
__ptext8                                  text8        00330
__ptext9                                  text9        00350
__size_of_I2C1_CallbackReturnReset        (abs)        00000
__size_of_I2C1_CallbackReturnStop         (abs)        00000
__size_of_I2C1_Close                      (abs)        00000
__size_of_I2C1_DO_ADDRESS_NACK            (abs)        00000
__size_of_I2C1_DO_IDLE                    (abs)        00000
__size_of_I2C1_DO_RCEN                    (abs)        00000
__size_of_I2C1_DO_RESET                   (abs)        00000
__size_of_I2C1_DO_RX                      (abs)        00000
__size_of_I2C1_DO_RX_ACK                  (abs)        00000
__size_of_I2C1_DO_RX_NACK_RESTART         (abs)        00000
__size_of_I2C1_DO_RX_NACK_STOP            (abs)        00000
__size_of_I2C1_DO_SEND_ADR_READ           (abs)        00000
__size_of_I2C1_DO_SEND_ADR_WRITE          (abs)        00000
__size_of_I2C1_DO_SEND_RESTART            (abs)        00000
__size_of_I2C1_DO_SEND_RESTART_READ       (abs)        00000
__size_of_I2C1_DO_SEND_RESTART_WRITE      (abs)        00000
__size_of_I2C1_DO_SEND_STOP               (abs)        00000
__size_of_I2C1_DO_TX                      (abs)        00000
__size_of_I2C1_DO_TX_EMPTY                (abs)        00000
__size_of_I2C1_Initialize                 (abs)        00000
__size_of_I2C1_MasterClearIrq             (abs)        00000
__size_of_I2C1_MasterClose                (abs)        00000
__size_of_I2C1_MasterDisableIrq           (abs)        00000
__size_of_I2C1_MasterEnableIrq            (abs)        00000
__size_of_I2C1_MasterEnableRestart        (abs)        00000
__size_of_I2C1_MasterFsm                  (abs)        00000
__size_of_I2C1_MasterGetRxData            (abs)        00000
__size_of_I2C1_MasterIsNack               (abs)        00000
__size_of_I2C1_MasterIsr                  (abs)        00000
__size_of_I2C1_MasterOpen                 (abs)        00000
__size_of_I2C1_MasterOperation            (abs)        00000
__size_of_I2C1_MasterSendAck              (abs)        00000
__size_of_I2C1_MasterSendNack             (abs)        00000
__size_of_I2C1_MasterSendTxData           (abs)        00000
__size_of_I2C1_MasterSetIrq               (abs)        00000
__size_of_I2C1_MasterStart                (abs)        00000
__size_of_I2C1_MasterStartRx              (abs)        00000
__size_of_I2C1_MasterStop                 (abs)        00000
__size_of_I2C1_MasterWrite                (abs)        00000
__size_of_I2C1_Open                       (abs)        00000
__size_of_I2C1_SetAddressNackCallback     (abs)        00000
__size_of_I2C1_SetBuffer                  (abs)        00000
__size_of_I2C1_SetCallback                (abs)        00000
__size_of_I2C1_SetDataCompleteCallback    (abs)        00000
__size_of_I2C1_SetInterruptHandler        (abs)        00000
__size_of_I2C1_WriteNBytes                (abs)        00000
__size_of_INTERRUPT_InterruptManager      (abs)        00000
__size_of_OSCILLATOR_Initialize           (abs)        00000
__size_of_PIN_MANAGER_Initialize          (abs)        00000
__size_of_PMD_Initialize                  (abs)        00000
__size_of_SYSTEM_Initialize               (abs)        00000
__size_of_WDT_Initialize                  (abs)        00000
__size_of_main                            (abs)        00000
__size_of_rd1RegCompleteHandler           (abs)        00000
__size_of_rd2RegCompleteHandler           (abs)        00000
__size_of_rdBlkRegCompleteHandler         (abs)        00000
__size_of_wr1RegCompleteHandler           (abs)        00000
__size_of_wr2RegCompleteHandler           (abs)        00000
__size_ofi1_I2C1_MasterClearIrq           (abs)        00000
__size_ofi1_I2C1_SetBuffer                (abs)        00000
__size_ofi1_I2C1_SetCallback              (abs)        00000
_fsmStateTable                            stringtext1  0026C
_main                                     maintext     001F8
_rd1RegCompleteHandler                    text54       002FE
_rd2RegCompleteHandler                    text53       002ED
_rdBlkRegCompleteHandler                  text51       002C4
_wr1RegCompleteHandler                    text52       002DC
_wr2RegCompleteHandler                    text55       0030F
btemp                                     (abs)        0007E
clear_ram0                                clrtext      003AC
end_of_initialization                     cinit        00031
i1I2C1_SetBuffer@buffer                   cstackCOMMON 00073
i1I2C1_SetBuffer@bufferSize               cstackCOMMON 00070
i1I2C1_SetCallback@cb                     cstackCOMMON 00070
i1I2C1_SetCallback@idx                    cstackCOMMON 00074
i1I2C1_SetCallback@ptr                    cstackCOMMON 00072
i1_I2C1_MasterClearIrq                    text25       00414
i1_I2C1_SetBuffer                         text56       00340
i1_I2C1_SetCallback                       text58       00246
int$flags                                 (abs)        0007E
intlevel0                                 functab      00000
intlevel1                                 functab      00000
intlevel2                                 functab      00000
intlevel3                                 functab      00000
intlevel4                                 functab      00000
intlevel5                                 functab      00000
rd1RegCompleteHandler@ptr                 cstackCOMMON 00079
rd2RegCompleteHandler@ptr                 cstackCOMMON 00079
rdBlkRegCompleteHandler@ptr               cstackCOMMON 00079
reset_vec                                 reset_vec    00000
start                                     init         00027
start_initialization                      cinit        00029
wr1RegCompleteHandler@ptr                 cstackCOMMON 00079
wr2RegCompleteHandler@ptr                 cstackCOMMON 00079
wtemp0                                    (abs)        0007E


FUNCTION INFORMATION:

 *************** function _main *****************
 Defined at:
		line 52 in file "main.c"
 Parameters:    Size  Location     Type
		None
 Auto vars:     Size  Location     Type
		None
 Return value:  Size  Location     Type
                  1    wreg      void 
 Registers used:
		wreg, fsr1l, fsr1h, status,2, status,0, pclath, cstack
 Tracked objects:
		On entry : 
		On exit  : 
		Unchanged: 
 Data sizes:     COMMON   BANK0   BANK1   BANK2   BANK3   BANK4   BANK5   BANK6   BANK7   BANK8   BANK9  BANK10  BANK11  BANK12  BANK13  BANK14  BANK15  BANK16  BANK17  BANK18  BANK19  BANK20  BANK21  BANK22  BANK23  BANK24  BANK25
      Params:         0       0       0       0       0       0       0       0       0       0       0       0       0       0       0       0       0       0       0       0       0       0       0       0       0       0       0
      Locals:         0       0       0       0       0       0       0       0       0       0       0       0       0       0       0       0       0       0       0       0       0       0       0       0       0       0       0
      Temps:          0       2       0       0       0       0       0       0       0       0       0       0       0       0       0       0       0       0       0       0       0       0       0       0       0       0       0
      Totals:         0       2       0       0       0       0       0       0       0       0       0       0       0       0       0       0       0       0       0       0       0       0       0       0       0       0       0
Total ram usage:        2 bytes
 Hardware stack levels required when called:   11
 This function calls:
		_I2C1_WriteNBytes
		_SYSTEM_Initialize
 This function is called by:
		Startup code after reset
 This function uses a non-reentrant model


 *************** function _SYSTEM_Initialize *****************
 Defined at:
		line 50 in file "mcc_generated_files/mcc.c"
 Parameters:    Size  Location     Type
		None
 Auto vars:     Size  Location     Type
		None
 Return value:  Size  Location     Type
                  1    wreg      void 
 Registers used:
		wreg, status,2, status,0, pclath, cstack
 Tracked objects:
		On entry : 
		On exit  : 
		Unchanged: 
 Data sizes:     COMMON   BANK0   BANK1   BANK2   BANK3   BANK4   BANK5   BANK6   BANK7   BANK8   BANK9  BANK10  BANK11  BANK12  BANK13  BANK14  BANK15  BANK16  BANK17  BANK18  BANK19  BANK20  BANK21  BANK22  BANK23  BANK24  BANK25
      Params:         0       0       0       0       0       0       0       0       0       0       0       0       0       0       0       0       0       0       0       0       0       0       0       0       0       0       0
      Locals:         0       0       0       0       0       0       0       0       0       0       0       0       0       0       0       0       0       0       0       0       0       0       0       0       0       0       0
      Temps:          0       0       0       0       0       0       0       0       0       0       0       0       0       0       0       0       0       0       0       0       0       0       0       0       0       0       0
      Totals:         0       0       0       0       0       0       0       0       0       0       0       0       0       0       0       0       0       0       0       0       0       0       0       0       0       0       0
Total ram usage:        0 bytes
 Hardware stack levels used:    1
 Hardware stack levels required when called:    8
 This function calls:
		_I2C1_Initialize
		_OSCILLATOR_Initialize
		_PIN_MANAGER_Initialize
		_PMD_Initialize
		_WDT_Initialize
 This function is called by:
		_main
 This function uses a non-reentrant model


 *************** function _WDT_Initialize *****************
 Defined at:
		line 74 in file "mcc_generated_files/mcc.c"
 Parameters:    Size  Location     Type
		None
 Auto vars:     Size  Location     Type
		None
 Return value:  Size  Location     Type
                  1    wreg      void 
 Registers used:
		wreg
 Tracked objects:
		On entry : 
		On exit  : 
		Unchanged: 
 Data sizes:     COMMON   BANK0   BANK1   BANK2   BANK3   BANK4   BANK5   BANK6   BANK7   BANK8   BANK9  BANK10  BANK11  BANK12  BANK13  BANK14  BANK15  BANK16  BANK17  BANK18  BANK19  BANK20  BANK21  BANK22  BANK23  BANK24  BANK25
      Params:         0       0       0       0       0       0       0       0       0       0       0       0       0       0       0       0       0       0       0       0       0       0       0       0       0       0       0
      Locals:         0       0       0       0       0       0       0       0       0       0       0       0       0       0       0       0       0       0       0       0       0       0       0       0       0       0       0
      Temps:          0       0       0       0       0       0       0       0       0       0       0       0       0       0       0       0       0       0       0       0       0       0       0       0       0       0       0
      Totals:         0       0       0       0       0       0       0       0       0       0       0       0       0       0       0       0       0       0       0       0       0       0       0       0       0       0       0
Total ram usage:        0 bytes
 Hardware stack levels used:    1
 Hardware stack levels required when called:    7
 This function calls:
		Nothing
 This function is called by:
		_SYSTEM_Initialize
 This function uses a non-reentrant model


 *************** function _PMD_Initialize *****************
 Defined at:
		line 80 in file "mcc_generated_files/mcc.c"
 Parameters:    Size  Location     Type
		None
 Auto vars:     Size  Location     Type
		None
 Return value:  Size  Location     Type
                  1    wreg      void 
 Registers used:
		status,2
 Tracked objects:
		On entry : 
		On exit  : 
		Unchanged: 
 Data sizes:     COMMON   BANK0   BANK1   BANK2   BANK3   BANK4   BANK5   BANK6   BANK7   BANK8   BANK9  BANK10  BANK11  BANK12  BANK13  BANK14  BANK15  BANK16  BANK17  BANK18  BANK19  BANK20  BANK21  BANK22  BANK23  BANK24  BANK25
      Params:         0       0       0       0       0       0       0       0       0       0       0       0       0       0       0       0       0       0       0       0       0       0       0       0       0       0       0
      Locals:         0       0       0       0       0       0       0       0       0       0       0       0       0       0       0       0       0       0       0       0       0       0       0       0       0       0       0
      Temps:          0       0       0       0       0       0       0       0       0       0       0       0       0       0       0       0       0       0       0       0       0       0       0       0       0       0       0
      Totals:         0       0       0       0       0       0       0       0       0       0       0       0       0       0       0       0       0       0       0       0       0       0       0       0       0       0       0
Total ram usage:        0 bytes
 Hardware stack levels used:    1
 Hardware stack levels required when called:    7
 This function calls:
		Nothing
 This function is called by:
		_SYSTEM_Initialize
 This function uses a non-reentrant model


 *************** function _PIN_MANAGER_Initialize *****************
 Defined at:
		line 55 in file "mcc_generated_files/pin_manager.c"
 Parameters:    Size  Location     Type
		None
 Auto vars:     Size  Location     Type
		None
 Return value:  Size  Location     Type
                  1    wreg      void 
 Registers used:
		wreg, status,2
 Tracked objects:
		On entry : 
		On exit  : 
		Unchanged: 
 Data sizes:     COMMON   BANK0   BANK1   BANK2   BANK3   BANK4   BANK5   BANK6   BANK7   BANK8   BANK9  BANK10  BANK11  BANK12  BANK13  BANK14  BANK15  BANK16  BANK17  BANK18  BANK19  BANK20  BANK21  BANK22  BANK23  BANK24  BANK25
      Params:         0       0       0       0       0       0       0       0       0       0       0       0       0       0       0       0       0       0       0       0       0       0       0       0       0       0       0
      Locals:         0       0       0       0       0       0       0       0       0       0       0       0       0       0       0       0       0       0       0       0       0       0       0       0       0       0       0
      Temps:          0       0       0       0       0       0       0       0       0       0       0       0       0       0       0       0       0       0       0       0       0       0       0       0       0       0       0
      Totals:         0       0       0       0       0       0       0       0       0       0       0       0       0       0       0       0       0       0       0       0       0       0       0       0       0       0       0
Total ram usage:        0 bytes
 Hardware stack levels used:    1
 Hardware stack levels required when called:    7
 This function calls:
		Nothing
 This function is called by:
		_SYSTEM_Initialize
 This function uses a non-reentrant model


 *************** function _OSCILLATOR_Initialize *****************
 Defined at:
		line 60 in file "mcc_generated_files/mcc.c"
 Parameters:    Size  Location     Type
		None
 Auto vars:     Size  Location     Type
		None
 Return value:  Size  Location     Type
                  1    wreg      void 
 Registers used:
		wreg, status,2
 Tracked objects:
		On entry : 
		On exit  : 
		Unchanged: 
 Data sizes:     COMMON   BANK0   BANK1   BANK2   BANK3   BANK4   BANK5   BANK6   BANK7   BANK8   BANK9  BANK10  BANK11  BANK12  BANK13  BANK14  BANK15  BANK16  BANK17  BANK18  BANK19  BANK20  BANK21  BANK22  BANK23  BANK24  BANK25
      Params:         0       0       0       0       0       0       0       0       0       0       0       0       0       0       0       0       0       0       0       0       0       0       0       0       0       0       0
      Locals:         0       0       0       0       0       0       0       0       0       0       0       0       0       0       0       0       0       0       0       0       0       0       0       0       0       0       0
      Temps:          0       0       0       0       0       0       0       0       0       0       0       0       0       0       0       0       0       0       0       0       0       0       0       0       0       0       0
      Totals:         0       0       0       0       0       0       0       0       0       0       0       0       0       0       0       0       0       0       0       0       0       0       0       0       0       0       0
Total ram usage:        0 bytes
 Hardware stack levels used:    1
 Hardware stack levels required when called:    7
 This function calls:
		Nothing
 This function is called by:
		_SYSTEM_Initialize
 This function uses a non-reentrant model


 *************** function _I2C1_Initialize *****************
 Defined at:
		line 167 in file "mcc_generated_files/i2c1_master.c"
 Parameters:    Size  Location     Type
		None
 Auto vars:     Size  Location     Type
		None
 Return value:  Size  Location     Type
                  1    wreg      void 
 Registers used:
		wreg, status,2
 Tracked objects:
		On entry : 
		On exit  : 
		Unchanged: 
 Data sizes:     COMMON   BANK0   BANK1   BANK2   BANK3   BANK4   BANK5   BANK6   BANK7   BANK8   BANK9  BANK10  BANK11  BANK12  BANK13  BANK14  BANK15  BANK16  BANK17  BANK18  BANK19  BANK20  BANK21  BANK22  BANK23  BANK24  BANK25
      Params:         0       0       0       0       0       0       0       0       0       0       0       0       0       0       0       0       0       0       0       0       0       0       0       0       0       0       0
      Locals:         0       0       0       0       0       0       0       0       0       0       0       0       0       0       0       0       0       0       0       0       0       0       0       0       0       0       0
      Temps:          0       0       0       0       0       0       0       0       0       0       0       0       0       0       0       0       0       0       0       0       0       0       0       0       0       0       0
      Totals:         0       0       0       0       0       0       0       0       0       0       0       0       0       0       0       0       0       0       0       0       0       0       0       0       0       0       0
Total ram usage:        0 bytes
 Hardware stack levels used:    1
 Hardware stack levels required when called:    7
 This function calls:
		Nothing
 This function is called by:
		_SYSTEM_Initialize
 This function uses a non-reentrant model


 *************** function _I2C1_WriteNBytes *****************
 Defined at:
		line 111 in file "mcc_generated_files/examples/i2c1_master_example.c"
 Parameters:    Size  Location     Type
  address         1    wreg     unsigned char 
  data            1   12[BANK0 ] PTR unsigned char 
		 -> I2C_TxBuffer(1), 
  len             2   13[BANK0 ] unsigned int 
 Auto vars:     Size  Location     Type
  address         1   15[BANK0 ] unsigned char 
 Return value:  Size  Location     Type
                  1    wreg      void 
 Registers used:
		wreg, fsr1l, fsr1h, status,2, status,0, pclath, cstack
 Tracked objects:
		On entry : 
		On exit  : 
		Unchanged: 
 Data sizes:     COMMON   BANK0   BANK1   BANK2   BANK3   BANK4   BANK5   BANK6   BANK7   BANK8   BANK9  BANK10  BANK11  BANK12  BANK13  BANK14  BANK15  BANK16  BANK17  BANK18  BANK19  BANK20  BANK21  BANK22  BANK23  BANK24  BANK25
      Params:         0       3       0       0       0       0       0       0       0       0       0       0       0       0       0       0       0       0       0       0       0       0       0       0       0       0       0
      Locals:         0       1       0       0       0       0       0       0       0       0       0       0       0       0       0       0       0       0       0       0       0       0       0       0       0       0       0
      Temps:          0       0       0       0       0       0       0       0       0       0       0       0       0       0       0       0       0       0       0       0       0       0       0       0       0       0       0
      Totals:         0       4       0       0       0       0       0       0       0       0       0       0       0       0       0       0       0       0       0       0       0       0       0       0       0       0       0
Total ram usage:        4 bytes
 Hardware stack levels used:    1
 Hardware stack levels required when called:   10
 This function calls:
		_I2C1_Close
		_I2C1_MasterWrite
		_I2C1_Open
		_I2C1_SetAddressNackCallback
		_I2C1_SetBuffer
 This function is called by:
		_main
 This function uses a non-reentrant model


 *************** function _I2C1_SetBuffer *****************
 Defined at:
		line 264 in file "mcc_generated_files/i2c1_master.c"
 Parameters:    Size  Location     Type
  buffer          1    wreg     PTR void 
		 -> I2C_TxBuffer(1), I2C1_ReadDataBlock@reg(1), I2C1_ReadDataBlock@bufferBlock(3), I2C1_Write2ByteRegister@reg(1), 
		 -> I2C1_Write2ByteRegister@data(2), I2C1_Write1ByteRegister@reg(1), I2C1_Write1ByteRegister@data(1), I2C1_Read2ByteRegister@reg(1), 
		 -> I2C1_Read2ByteRegister@returnValue(2), NULL(0), I2C1_Read1ByteRegister@reg(1), I2C1_Read1ByteRegister@returnValue(1), 
  bufferSize      2    3[BANK0 ] unsigned int 
 Auto vars:     Size  Location     Type
  buffer          1    6[BANK0 ] PTR void 
		 -> I2C_TxBuffer(1), I2C1_ReadDataBlock@reg(1), I2C1_ReadDataBlock@bufferBlock(3), I2C1_Write2ByteRegister@reg(1), 
		 -> I2C1_Write2ByteRegister@data(2), I2C1_Write1ByteRegister@reg(1), I2C1_Write1ByteRegister@data(1), I2C1_Read2ByteRegister@reg(1), 
		 -> I2C1_Read2ByteRegister@returnValue(2), NULL(0), I2C1_Read1ByteRegister@reg(1), I2C1_Read1ByteRegister@returnValue(1), 
 Return value:  Size  Location     Type
                  1    wreg      void 
 Registers used:
		wreg
 Tracked objects:
		On entry : 
		On exit  : 
		Unchanged: 
 Data sizes:     COMMON   BANK0   BANK1   BANK2   BANK3   BANK4   BANK5   BANK6   BANK7   BANK8   BANK9  BANK10  BANK11  BANK12  BANK13  BANK14  BANK15  BANK16  BANK17  BANK18  BANK19  BANK20  BANK21  BANK22  BANK23  BANK24  BANK25
      Params:         0       2       0       0       0       0       0       0       0       0       0       0       0       0       0       0       0       0       0       0       0       0       0       0       0       0       0
      Locals:         0       1       0       0       0       0       0       0       0       0       0       0       0       0       0       0       0       0       0       0       0       0       0       0       0       0       0
      Temps:          0       1       0       0       0       0       0       0       0       0       0       0       0       0       0       0       0       0       0       0       0       0       0       0       0       0       0
      Totals:         0       4       0       0       0       0       0       0       0       0       0       0       0       0       0       0       0       0       0       0       0       0       0       0       0       0       0
Total ram usage:        4 bytes
 Hardware stack levels used:    1
 Hardware stack levels required when called:    7
 This function calls:
		Nothing
 This function is called by:
		_I2C1_WriteNBytes
		_I2C1_Read1ByteRegister
		_I2C1_Read2ByteRegister
		_I2C1_Write1ByteRegister
		_I2C1_Write2ByteRegister
		_I2C1_ReadNBytes
		_I2C1_ReadDataBlock
 This function uses a non-reentrant model


 *************** function _I2C1_SetAddressNackCallback *****************
 Defined at:
		line 284 in file "mcc_generated_files/i2c1_master.c"
 Parameters:    Size  Location     Type
  cb              2    8[BANK0 ] PTR FTN(PTR void ,)enum 
		 -> Absolute function(1), 
  ptr             1   10[BANK0 ] PTR void 
		 -> NULL(0), 
 Auto vars:     Size  Location     Type
		None
 Return value:  Size  Location     Type
                  1    wreg      void 
 Registers used:
		wreg, fsr1l, fsr1h, status,2, status,0, pclath, cstack
 Tracked objects:
		On entry : 
		On exit  : 
		Unchanged: 
 Data sizes:     COMMON   BANK0   BANK1   BANK2   BANK3   BANK4   BANK5   BANK6   BANK7   BANK8   BANK9  BANK10  BANK11  BANK12  BANK13  BANK14  BANK15  BANK16  BANK17  BANK18  BANK19  BANK20  BANK21  BANK22  BANK23  BANK24  BANK25
      Params:         0       3       0       0       0       0       0       0       0       0       0       0       0       0       0       0       0       0       0       0       0       0       0       0       0       0       0
      Locals:         0       0       0       0       0       0       0       0       0       0       0       0       0       0       0       0       0       0       0       0       0       0       0       0       0       0       0
      Temps:          0       1       0       0       0       0       0       0       0       0       0       0       0       0       0       0       0       0       0       0       0       0       0       0       0       0       0
      Totals:         0       4       0       0       0       0       0       0       0       0       0       0       0       0       0       0       0       0       0       0       0       0       0       0       0       0       0
[...]
		_I2C1_DO_ADDRESS_NACK
		_I2C1_DO_RX_EMPTY
 This function uses a non-reentrant model


 *************** function _rd1RegCompleteHandler *****************
 Defined at:
		line 142 in file "mcc_generated_files/examples/i2c1_master_example.c"
 Parameters:    Size  Location     Type
  ptr             1    9[COMMON] PTR void 
		 -> I2C1_ReadDataBlock@bufferBlock(3), I2C1_Write2ByteRegister@data(2), I2C1_Write1ByteRegister@data(1), I2C1_Read2ByteRegister@returnValue(2), 
		 -> NULL(0), I2C1_Read1ByteRegister@returnValue(1), 
 Auto vars:     Size  Location     Type
		None
 Return value:  Size  Location     Type
                  1    wreg      enum E358
 Registers used:
		wreg, fsr1l, fsr1h, status,2, status,0, pclath, cstack
 Tracked objects:
		On entry : 
		On exit  : 
		Unchanged: 
 Data sizes:     COMMON   BANK0   BANK1   BANK2   BANK3   BANK4   BANK5   BANK6   BANK7   BANK8   BANK9  BANK10  BANK11  BANK12  BANK13  BANK14  BANK15  BANK16  BANK17  BANK18  BANK19  BANK20  BANK21  BANK22  BANK23  BANK24  BANK25
      Params:         1       0       0       0       0       0       0       0       0       0       0       0       0       0       0       0       0       0       0       0       0       0       0       0       0       0       0
      Locals:         0       0       0       0       0       0       0       0       0       0       0       0       0       0       0       0       0       0       0       0       0       0       0       0       0       0       0
      Temps:          0       0       0       0       0       0       0       0       0       0       0       0       0       0       0       0       0       0       0       0       0       0       0       0       0       0       0
      Totals:         1       0       0       0       0       0       0       0       0       0       0       0       0       0       0       0       0       0       0       0       0       0       0       0       0       0       0
Total ram usage:        1 bytes
 Hardware stack levels used:    1
 Hardware stack levels required when called:    2
 This function calls:
		_I2C1_SetDataCompleteCallback
		i1_I2C1_SetBuffer
 This function is called by:
		_I2C1_Read1ByteRegister
		_I2C1_DO_TX
		_I2C1_DO_RX
		_I2C1_DO_TX_EMPTY
		_I2C1_DO_ADDRESS_NACK
		_I2C1_DO_RX_EMPTY
 This function uses a non-reentrant model


 *************** function _wr2RegCompleteHandler *****************
 Defined at:
		line 163 in file "mcc_generated_files/examples/i2c1_master_example.c"
 Parameters:    Size  Location     Type
  ptr             1    9[COMMON] PTR void 
		 -> I2C1_ReadDataBlock@bufferBlock(3), I2C1_Write2ByteRegister@data(2), I2C1_Write1ByteRegister@data(1), I2C1_Read2ByteRegister@returnValue(2), 
		 -> NULL(0), I2C1_Read1ByteRegister@returnValue(1), 
 Auto vars:     Size  Location     Type
		None
 Return value:  Size  Location     Type
                  1    wreg      enum E358
 Registers used:
		wreg, fsr1l, fsr1h, status,2, status,0, pclath, cstack
 Tracked objects:
		On entry : 
		On exit  : 
		Unchanged: 
 Data sizes:     COMMON   BANK0   BANK1   BANK2   BANK3   BANK4   BANK5   BANK6   BANK7   BANK8   BANK9  BANK10  BANK11  BANK12  BANK13  BANK14  BANK15  BANK16  BANK17  BANK18  BANK19  BANK20  BANK21  BANK22  BANK23  BANK24  BANK25
      Params:         1       0       0       0       0       0       0       0       0       0       0       0       0       0       0       0       0       0       0       0       0       0       0       0       0       0       0
      Locals:         0       0       0       0       0       0       0       0       0       0       0       0       0       0       0       0       0       0       0       0       0       0       0       0       0       0       0
      Temps:          0       0       0       0       0       0       0       0       0       0       0       0       0       0       0       0       0       0       0       0       0       0       0       0       0       0       0
      Totals:         1       0       0       0       0       0       0       0       0       0       0       0       0       0       0       0       0       0       0       0       0       0       0       0       0       0       0
Total ram usage:        1 bytes
 Hardware stack levels used:    1
 Hardware stack levels required when called:    2
 This function calls:
		_I2C1_SetDataCompleteCallback
		i1_I2C1_SetBuffer
 This function is called by:
		_I2C1_Write2ByteRegister
		_I2C1_DO_TX
		_I2C1_DO_RX
		_I2C1_DO_TX_EMPTY
		_I2C1_DO_ADDRESS_NACK
		_I2C1_DO_RX_EMPTY
 This function uses a non-reentrant model


 *************** function i1_I2C1_SetBuffer *****************
 Defined at:
		line 264 in file "mcc_generated_files/i2c1_master.c"
 Parameters:    Size  Location     Type
  buffer          1    wreg     PTR void 
		 -> I2C_TxBuffer(1), I2C1_ReadDataBlock@reg(1), I2C1_ReadDataBlock@bufferBlock(3), I2C1_Write2ByteRegister@reg(1), 
		 -> I2C1_Write2ByteRegister@data(2), I2C1_Write1ByteRegister@reg(1), I2C1_Write1ByteRegister@data(1), I2C1_Read2ByteRegister@reg(1), 
		 -> I2C1_Read2ByteRegister@returnValue(2), NULL(0), I2C1_Read1ByteRegister@reg(1), I2C1_Read1ByteRegister@returnValue(1), 
  bufferSize      2    0[COMMON] unsigned int 
 Auto vars:     Size  Location     Type
  buffer          1    3[COMMON] PTR void 
		 -> I2C_TxBuffer(1), I2C1_ReadDataBlock@reg(1), I2C1_ReadDataBlock@bufferBlock(3), I2C1_Write2ByteRegister@reg(1), 
		 -> I2C1_Write2ByteRegister@data(2), I2C1_Write1ByteRegister@reg(1), I2C1_Write1ByteRegister@data(1), I2C1_Read2ByteRegister@reg(1), 
		 -> I2C1_Read2ByteRegister@returnValue(2), NULL(0), I2C1_Read1ByteRegister@reg(1), I2C1_Read1ByteRegister@returnValue(1), 
 Return value:  Size  Location     Type
                  1    wreg      void 
 Registers used:
		wreg
 Tracked objects:
		On entry : 
		On exit  : 
		Unchanged: 
 Data sizes:     COMMON   BANK0   BANK1   BANK2   BANK3   BANK4   BANK5   BANK6   BANK7   BANK8   BANK9  BANK10  BANK11  BANK12  BANK13  BANK14  BANK15  BANK16  BANK17  BANK18  BANK19  BANK20  BANK21  BANK22  BANK23  BANK24  BANK25
      Params:         2       0       0       0       0       0       0       0       0       0       0       0       0       0       0       0       0       0       0       0       0       0       0       0       0       0       0
      Locals:         1       0       0       0       0       0       0       0       0       0       0       0       0       0       0       0       0       0       0       0       0       0       0       0       0       0       0
      Temps:          1       0       0       0       0       0       0       0       0       0       0       0       0       0       0       0       0       0       0       0       0       0       0       0       0       0       0
      Totals:         4       0       0       0       0       0       0       0       0       0       0       0       0       0       0       0       0       0       0       0       0       0       0       0       0       0       0
Total ram usage:        4 bytes
 Hardware stack levels used:    1
 This function calls:
		Nothing
 This function is called by:
		_rd1RegCompleteHandler
		_rd2RegCompleteHandler
		_wr1RegCompleteHandler
		_wr2RegCompleteHandler
		_rdBlkRegCompleteHandler
 This function uses a non-reentrant model


 *************** function _I2C1_SetDataCompleteCallback *****************
 Defined at:
		line 274 in file "mcc_generated_files/i2c1_master.c"
 Parameters:    Size  Location     Type
  cb              2    5[COMMON] PTR FTN(PTR void ,)enum 
		 -> Absolute function(1), rdBlkRegCompleteHandler(1), wr2RegCompleteHandler(1), wr1RegCompleteHandler(1), 
		 -> rd2RegCompleteHandler(1), rd1RegCompleteHandler(1), 
  ptr             1    7[COMMON] PTR void 
		 -> I2C1_ReadDataBlock@bufferBlock(3), I2C1_Write2ByteRegister@data(2), I2C1_Write1ByteRegister@data(1), I2C1_Read2ByteRegister@returnValue(2), 
		 -> NULL(0), I2C1_Read1ByteRegister@returnValue(1), 
 Auto vars:     Size  Location     Type
		None
 Return value:  Size  Location     Type
                  1    wreg      void 
 Registers used:
		wreg, fsr1l, fsr1h, status,2, status,0, pclath, cstack
 Tracked objects:
		On entry : 
		On exit  : 
		Unchanged: 
 Data sizes:     COMMON   BANK0   BANK1   BANK2   BANK3   BANK4   BANK5   BANK6   BANK7   BANK8   BANK9  BANK10  BANK11  BANK12  BANK13  BANK14  BANK15  BANK16  BANK17  BANK18  BANK19  BANK20  BANK21  BANK22  BANK23  BANK24  BANK25
      Params:         3       0       0       0       0       0       0       0       0       0       0       0       0       0       0       0       0       0       0       0       0       0       0       0       0       0       0
      Locals:         0       0       0       0       0       0       0       0       0       0       0       0       0       0       0       0       0       0       0       0       0       0       0       0       0       0       0
      Temps:          1       0       0       0       0       0       0       0       0       0       0       0       0       0       0       0       0       0       0       0       0       0       0       0       0       0       0
      Totals:         4       0       0       0       0       0       0       0       0       0       0       0       0       0       0       0       0       0       0       0       0       0       0       0       0       0       0
Total ram usage:        4 bytes
 Hardware stack levels used:    1
 Hardware stack levels required when called:    1
 This function calls:
		i1_I2C1_SetCallback
 This function is called by:
		_rd1RegCompleteHandler
		_rd2RegCompleteHandler
		_wr1RegCompleteHandler
		_wr2RegCompleteHandler
		_rdBlkRegCompleteHandler
		_I2C1_Read1ByteRegister
		_I2C1_Read2ByteRegister
		_I2C1_Write1ByteRegister
		_I2C1_Write2ByteRegister
		_I2C1_ReadDataBlock
 This function uses a non-reentrant model


 *************** function i1_I2C1_SetCallback *****************
 Defined at:
		line 304 in file "mcc_generated_files/i2c1_master.c"
 Parameters:    Size  Location     Type
  idx             1    wreg     enum E7174
  cb              2    0[COMMON] PTR FTN(PTR void ,)enum 
		 -> Absolute function(1), rdBlkRegCompleteHandler(1), wr2RegCompleteHandler(1), wr1RegCompleteHandler(1), 
		 -> rd2RegCompleteHandler(1), rd1RegCompleteHandler(1), 
  ptr             1    2[COMMON] PTR void 
		 -> I2C1_ReadDataBlock@bufferBlock(3), I2C1_Write2ByteRegister@data(2), I2C1_Write1ByteRegister@data(1), I2C1_Read2ByteRegister@returnValue(2), 
		 -> NULL(0), I2C1_Read1ByteRegister@returnValue(1), 
 Auto vars:     Size  Location     Type
  idx             1    4[COMMON] enum E7174
 Return value:  Size  Location     Type
                  1    wreg      void 
 Registers used:
		wreg, fsr1l, fsr1h, status,2, status,0
 Tracked objects:
		On entry : 
		On exit  : 
		Unchanged: 
 Data sizes:     COMMON   BANK0   BANK1   BANK2   BANK3   BANK4   BANK5   BANK6   BANK7   BANK8   BANK9  BANK10  BANK11  BANK12  BANK13  BANK14  BANK15  BANK16  BANK17  BANK18  BANK19  BANK20  BANK21  BANK22  BANK23  BANK24  BANK25
      Params:         3       0       0       0       0       0       0       0       0       0       0       0       0       0       0       0       0       0       0       0       0       0       0       0       0       0       0
      Locals:         1       0       0       0       0       0       0       0       0       0       0       0       0       0       0       0       0       0       0       0       0       0       0       0       0       0       0
      Temps:          1       0       0       0       0       0       0       0       0       0       0       0       0       0       0       0       0       0       0       0       0       0       0       0       0       0       0
      Totals:         5       0       0       0       0       0       0       0       0       0       0       0       0       0       0       0       0       0       0       0       0       0       0       0       0       0       0
Total ram usage:        5 bytes
 Hardware stack levels used:    1
 This function calls:
		Nothing
 This function is called by:
		_I2C1_SetDataCompleteCallback
 This function uses a non-reentrant model


 *************** function _I2C1_MasterStop *****************
 Defined at:
		line 594 in file "mcc_generated_files/i2c1_master.c"
 Parameters:    Size  Location     Type
		None
 Auto vars:     Size  Location     Type
		None
 Return value:  Size  Location     Type
                  1    wreg      void 
 Registers used:
		None
 Tracked objects:
		On entry : 
		On exit  : 
		Unchanged: 
 Data sizes:     COMMON   BANK0   BANK1   BANK2   BANK3   BANK4   BANK5   BANK6   BANK7   BANK8   BANK9  BANK10  BANK11  BANK12  BANK13  BANK14  BANK15  BANK16  BANK17  BANK18  BANK19  BANK20  BANK21  BANK22  BANK23  BANK24  BANK25
      Params:         0       0       0       0       0       0       0       0       0       0       0       0       0       0       0       0       0       0       0       0       0       0       0       0       0       0       0
      Locals:         0       0       0       0       0       0       0       0       0       0       0       0       0       0       0       0       0       0       0       0       0       0       0       0       0       0       0
      Temps:          0       0       0       0       0       0       0       0       0       0       0       0       0       0       0       0       0       0       0       0       0       0       0       0       0       0       0
      Totals:         0       0       0       0       0       0       0       0       0       0       0       0       0       0       0       0       0       0       0       0       0       0       0       0       0       0       0
Total ram usage:        0 bytes
 Hardware stack levels used:    1
 This function calls:
		Nothing
 This function is called by:
		_I2C1_DO_SEND_STOP
 This function uses a non-reentrant model


 *************** function _I2C1_MasterEnableRestart *****************
 Defined at:
		line 574 in file "mcc_generated_files/i2c1_master.c"
 Parameters:    Size  Location     Type
		None
 Auto vars:     Size  Location     Type
		None
 Return value:  Size  Location     Type
                  1    wreg      void 
 Registers used:
		None
 Tracked objects:
		On entry : 
		On exit  : 
		Unchanged: 
 Data sizes:     COMMON   BANK0   BANK1   BANK2   BANK3   BANK4   BANK5   BANK6   BANK7   BANK8   BANK9  BANK10  BANK11  BANK12  BANK13  BANK14  BANK15  BANK16  BANK17  BANK18  BANK19  BANK20  BANK21  BANK22  BANK23  BANK24  BANK25
      Params:         0       0       0       0       0       0       0       0       0       0       0       0       0       0       0       0       0       0       0       0       0       0       0       0       0       0       0
      Locals:         0       0       0       0       0       0       0       0       0       0       0       0       0       0       0       0       0       0       0       0       0       0       0       0       0       0       0
      Temps:          0       0       0       0       0       0       0       0       0       0       0       0       0       0       0       0       0       0       0       0       0       0       0       0       0       0       0
      Totals:         0       0       0       0       0       0       0       0       0       0       0       0       0       0       0       0       0       0       0       0       0       0       0       0       0       0       0
Total ram usage:        0 bytes
 Hardware stack levels used:    1
 This function calls:
		Nothing
 This function is called by:
		_I2C1_DO_SEND_RESTART_READ
		_I2C1_DO_SEND_RESTART_WRITE
		_I2C1_DO_SEND_RESTART
		_I2C1_DO_RX_EMPTY
 This function uses a non-reentrant model



MODULE INFORMATION

Module		Function		Class		Link	Load	Size
mcc_generated_files/examples/i2c1_master_example.c
		_wr1RegCompleteHandler		CODE           	02DC	0000	18
		_wr2RegCompleteHandler		CODE           	030F	0000	18
		_rdBlkRegCompleteHandler		CODE           	02C4	0000	25
		_rd1RegCompleteHandler		CODE           	02FE	0000	18
		_rd2RegCompleteHandler		CODE           	02ED	0000	18
		_I2C1_WriteNBytes		CODE           	01CF	0000	42

mcc_generated_files/examples/i2c1_master_example.c estimated size: 139

mcc_generated_files/i2c1_master.c
		_I2C1_DO_SEND_RESTART		CODE           	03DC	0000	6
		_I2C1_DO_TX_EMPTY		CODE           	0149	0000	48
		_I2C1_DO_SEND_RESTART_READ		CODE           	03E6	0000	6
		_I2C1_CallbackReturnStop		CODE           	0428	0000	3
		_I2C1_DO_RX    		CODE           	008A	0000	71
		_I2C1_DO_TX    		CODE           	0035	0000	86
		_I2C1_SetAddressNackCallback		CODE           	0350	0000	15
		_I2C1_DO_IDLE  		CODE           	03EB	0000	6
		_I2C1_MasterOpen		CODE           	035E	0000	15
		_I2C1_DO_RCEN  		CODE           	03A5	0000	8
		_I2C1_MasterSendTxData		CODE           	03F0	0000	6
		_I2C1_MasterStop		CODE           	0420	0000	4
		_I2C1_CallbackReturnReset		CODE           	0426	0000	3
		_I2C1_DO_RESET 		CODE           	03C3	0000	6
		_I2C1_MasterStartRx		CODE           	041D	0000	4
		_I2C1_DO_RX_ACK		CODE           	03D2	0000	6
		_I2C1_MasterSendNack		CODE           	0401	0000	5
		_I2C1_DO_RX_NACK_RESTART		CODE           	03C8	0000	6
		_I2C1_MasterDisableIrq		CODE           	040B	0000	4
		_I2C1_MasterOperation		CODE           	028C	0000	29
		_I2C1_SetCallback		CODE           	021F	0000	40
		_I2C1_MasterEnableRestart		CODE           	0423	0000	4
		_I2C1_Open     		CODE           	00D0	0000	70
		_I2C1_DO_ADDRESS_NACK		CODE           	0178	0000	45
		_I2C1_SetBuffer		CODE           	0330	0000	17
		_I2C1_DO_SEND_RESTART_WRITE		CODE           	03E1	0000	6
		_I2C1_MasterClose		CODE           	040E	0000	4
		_I2C1_MasterWrite		CODE           	03BE	0000	6
		_I2C1_Initialize		CODE           	0379	0000	11
		_I2C1_Close    		CODE           	02A8	0000	29
		_I2C1_MasterIsNack		CODE           	03B8	0000	7
		_I2C1_MasterStart		CODE           	0408	0000	4
		_I2C1_DO_SEND_ADR_WRITE		CODE           	039D	0000	9
		_I2C1_MasterClearIrq		CODE           	0411	0000	4
		_I2C1_SetDataCompleteCallback		CODE           	036C	0000	14
		_I2C1_DO_SEND_STOP		CODE           	03D7	0000	6
		_I2C1_MasterSendAck		CODE           	03FD	0000	5
		_I2C1_MasterFsm		CODE           	01A4	0000	44
		_I2C1_MasterIsr		CODE           	03F9	0000	5
		_I2C1_MasterGetRxData		CODE           	041A	0000	4
		_I2C1_SetInterruptHandler		CODE           	03B2	0000	7
		_I2C1_MasterSetIrq		CODE           	0417	0000	4
		_I2C1_DO_SEND_ADR_READ		CODE           	038C	0000	10
		_I2C1_MasterEnableIrq		CODE           	0405	0000	4
		_I2C1_DO_RX_NACK_STOP		CODE           	03CD	0000	6

mcc_generated_files/i2c1_master.c estimated size: 702

mcc_generated_files/interrupt_manager.c
		_INTERRUPT_InterruptManager		CODE           	0004	0000	36

mcc_generated_files/interrupt_manager.c estimated size: 36

mcc_generated_files/pin_manager.c
		_PIN_MANAGER_Initialize		CODE           	0115	0000	53

mcc_generated_files/pin_manager.c estimated size: 53

shared
		i1_I2C1_SetBuffer		CODE           	0340	0000	17
		i1_I2C1_SetCallback		CODE           	0246	0000	39
		__initialization		CODE           	0029	0000	9
		_fsmStateTable 		STRCODE        	026C	0000	33
		i1_I2C1_MasterClearIrq		CODE           	0414	0000	4

shared estimated size: 102

mcc_generated_files/mcc.c
		_WDT_Initialize		CODE           	03F5	0000	5
		_PMD_Initialize		CODE           	0395	0000	9
		_OSCILLATOR_Initialize		CODE           	0383	0000	10
		_SYSTEM_Initialize		CODE           	0320	0000	17

mcc_generated_files/mcc.c estimated size: 41

main.c
		_main          		CODE           	01F8	0000	40

main.c estimated size: 40

